../../../.metadata/.plugins/org.eclipse.core.resources/.projects/hadoop-1.0.3-gpu/.markers.snap